  Determining projects to restore...
  All projects are up-to-date for restore.
  SurveyLite.Domain -> C:\Users\a.yatskevich\Projects\Marketplace-Admin-Panel\backend\src\SurveyLite.Domain\bin\Debug\net9.0\SurveyLite.Domain.dll
  SurveyLite.Application -> C:\Users\a.yatskevich\Projects\Marketplace-Admin-Panel\backend\src\SurveyLite.Application\bin\Debug\net9.0\SurveyLite.Application.dll
C:\Users\a.yatskevich\Projects\Marketplace-Admin-Panel\backend\src\SurveyLite.Infrastructure\DependencyInjection.cs(1,17): error CS0234: The type or namespace name 'EntityFrameworkCore' does not exist in the namespace 'Microsoft' (are you missing an assembly reference?) [C:\Users\a.yatskevich\Projects\Marketplace-Admin-Panel\backend\src\SurveyLite.Infrastructure\SurveyLite.Infrastructure.csproj]
C:\Users\a.yatskevich\Projects\Marketplace-Admin-Panel\backend\src\SurveyLite.Infrastructure\DependencyInjection.cs(2,28): error CS0234: The type or namespace name 'Configuration' does not exist in the namespace 'Microsoft.Extensions' (are you missing an assembly reference?) [C:\Users\a.yatskevich\Projects\Marketplace-Admin-Panel\backend\src\SurveyLite.Infrastructure\SurveyLite.Infrastructure.csproj]
C:\Users\a.yatskevich\Projects\Marketplace-Admin-Panel\backend\src\SurveyLite.Infrastructure\Persistence\ApplicationDbContext.cs(1,17): error CS0234: The type or namespace name 'EntityFrameworkCore' does not exist in the namespace 'Microsoft' (are you missing an assembly reference?) [C:\Users\a.yatskevich\Projects\Marketplace-Admin-Panel\backend\src\SurveyLite.Infrastructure\SurveyLite.Infrastructure.csproj]
C:\Users\a.yatskevich\Projects\Marketplace-Admin-Panel\backend\src\SurveyLite.Infrastructure\Persistence\EntityConfigurations\AnswerEntityTypeConfiguration.cs(1,17): error CS0234: The type or namespace name 'EntityFrameworkCore' does not exist in the namespace 'Microsoft' (are you missing an assembly reference?) [C:\Users\a.yatskevich\Projects\Marketplace-Admin-Panel\backend\src\SurveyLite.Infrastructure\SurveyLite.Infrastructure.csproj]
C:\Users\a.yatskevich\Projects\Marketplace-Admin-Panel\backend\src\SurveyLite.Infrastructure\Persistence\EntityConfigurations\AnswerEntityTypeConfiguration.cs(2,17): error CS0234: The type or namespace name 'EntityFrameworkCore' does not exist in the namespace 'Microsoft' (are you missing an assembly reference?) [C:\Users\a.yatskevich\Projects\Marketplace-Admin-Panel\backend\src\SurveyLite.Infrastructure\SurveyLite.Infrastructure.csproj]
C:\Users\a.yatskevich\Projects\Marketplace-Admin-Panel\backend\src\SurveyLite.Infrastructure\Persistence\EntityConfigurations\QuestionEntityTypeConfiguration.cs(1,17): error CS0234: The type or namespace name 'EntityFrameworkCore' does not exist in the namespace 'Microsoft' (are you missing an assembly reference?) [C:\Users\a.yatskevich\Projects\Marketplace-Admin-Panel\backend\src\SurveyLite.Infrastructure\SurveyLite.Infrastructure.csproj]
C:\Users\a.yatskevich\Projects\Marketplace-Admin-Panel\backend\src\SurveyLite.Infrastructure\Persistence\EntityConfigurations\QuestionEntityTypeConfiguration.cs(2,17): error CS0234: The type or namespace name 'EntityFrameworkCore' does not exist in the namespace 'Microsoft' (are you missing an assembly reference?) [C:\Users\a.yatskevich\Projects\Marketplace-Admin-Panel\backend\src\SurveyLite.Infrastructure\SurveyLite.Infrastructure.csproj]
C:\Users\a.yatskevich\Projects\Marketplace-Admin-Panel\backend\src\SurveyLite.Infrastructure\Persistence\EntityConfigurations\ResponseEntityTypeConfiguration.cs(1,17): error CS0234: The type or namespace name 'EntityFrameworkCore' does not exist in the namespace 'Microsoft' (are you missing an assembly reference?) [C:\Users\a.yatskevich\Projects\Marketplace-Admin-Panel\backend\src\SurveyLite.Infrastructure\SurveyLite.Infrastructure.csproj]
C:\Users\a.yatskevich\Projects\Marketplace-Admin-Panel\backend\src\SurveyLite.Infrastructure\Persistence\EntityConfigurations\ResponseEntityTypeConfiguration.cs(2,17): error CS0234: The type or namespace name 'EntityFrameworkCore' does not exist in the namespace 'Microsoft' (are you missing an assembly reference?) [C:\Users\a.yatskevich\Projects\Marketplace-Admin-Panel\backend\src\SurveyLite.Infrastructure\SurveyLite.Infrastructure.csproj]
C:\Users\a.yatskevich\Projects\Marketplace-Admin-Panel\backend\src\SurveyLite.Infrastructure\Persistence\EntityConfigurations\SurveyEntityTypeConfiguration.cs(1,17): error CS0234: The type or namespace name 'EntityFrameworkCore' does not exist in the namespace 'Microsoft' (are you missing an assembly reference?) [C:\Users\a.yatskevich\Projects\Marketplace-Admin-Panel\backend\src\SurveyLite.Infrastructure\SurveyLite.Infrastructure.csproj]
C:\Users\a.yatskevich\Projects\Marketplace-Admin-Panel\backend\src\SurveyLite.Infrastructure\Persistence\EntityConfigurations\SurveyEntityTypeConfiguration.cs(2,17): error CS0234: The type or namespace name 'EntityFrameworkCore' does not exist in the namespace 'Microsoft' (are you missing an assembly reference?) [C:\Users\a.yatskevich\Projects\Marketplace-Admin-Panel\backend\src\SurveyLite.Infrastructure\SurveyLite.Infrastructure.csproj]
C:\Users\a.yatskevich\Projects\Marketplace-Admin-Panel\backend\src\SurveyLite.Infrastructure\Persistence\EntityConfigurations\UserEntityTypeConfiguration.cs(1,17): error CS0234: The type or namespace name 'EntityFrameworkCore' does not exist in the namespace 'Microsoft' (are you missing an assembly reference?) [C:\Users\a.yatskevich\Projects\Marketplace-Admin-Panel\backend\src\SurveyLite.Infrastructure\SurveyLite.Infrastructure.csproj]
C:\Users\a.yatskevich\Projects\Marketplace-Admin-Panel\backend\src\SurveyLite.Infrastructure\Persistence\EntityConfigurations\UserEntityTypeConfiguration.cs(2,17): error CS0234: The type or namespace name 'EntityFrameworkCore' does not exist in the namespace 'Microsoft' (are you missing an assembly reference?) [C:\Users\a.yatskevich\Projects\Marketplace-Admin-Panel\backend\src\SurveyLite.Infrastructure\SurveyLite.Infrastructure.csproj]
C:\Users\a.yatskevich\Projects\Marketplace-Admin-Panel\backend\src\SurveyLite.Infrastructure\Persistence\Repositories\Repository.cs(1,17): error CS0234: The type or namespace name 'EntityFrameworkCore' does not exist in the namespace 'Microsoft' (are you missing an assembly reference?) [C:\Users\a.yatskevich\Projects\Marketplace-Admin-Panel\backend\src\SurveyLite.Infrastructure\SurveyLite.Infrastructure.csproj]
C:\Users\a.yatskevich\Projects\Marketplace-Admin-Panel\backend\src\SurveyLite.Infrastructure\Persistence\Repositories\ResponseRepository.cs(1,17): error CS0234: The type or namespace name 'EntityFrameworkCore' does not exist in the namespace 'Microsoft' (are you missing an assembly reference?) [C:\Users\a.yatskevich\Projects\Marketplace-Admin-Panel\backend\src\SurveyLite.Infrastructure\SurveyLite.Infrastructure.csproj]
C:\Users\a.yatskevich\Projects\Marketplace-Admin-Panel\backend\src\SurveyLite.Infrastructure\Persistence\Repositories\SurveyRepository.cs(1,17): error CS0234: The type or namespace name 'EntityFrameworkCore' does not exist in the namespace 'Microsoft' (are you missing an assembly reference?) [C:\Users\a.yatskevich\Projects\Marketplace-Admin-Panel\backend\src\SurveyLite.Infrastructure\SurveyLite.Infrastructure.csproj]
C:\Users\a.yatskevich\Projects\Marketplace-Admin-Panel\backend\src\SurveyLite.Infrastructure\Persistence\Repositories\UserRepository.cs(1,17): error CS0234: The type or namespace name 'EntityFrameworkCore' does not exist in the namespace 'Microsoft' (are you missing an assembly reference?) [C:\Users\a.yatskevich\Projects\Marketplace-Admin-Panel\backend\src\SurveyLite.Infrastructure\SurveyLite.Infrastructure.csproj]
C:\Users\a.yatskevich\Projects\Marketplace-Admin-Panel\backend\src\SurveyLite.Infrastructure\Services\JwtService.cs(1,14): error CS0234: The type or namespace name 'IdentityModel' does not exist in the namespace 'System' (are you missing an assembly reference?) [C:\Users\a.yatskevich\Projects\Marketplace-Admin-Panel\backend\src\SurveyLite.Infrastructure\SurveyLite.Infrastructure.csproj]
C:\Users\a.yatskevich\Projects\Marketplace-Admin-Panel\backend\src\SurveyLite.Infrastructure\Services\JwtService.cs(4,17): error CS0234: The type or namespace name 'IdentityModel' does not exist in the namespace 'Microsoft' (are you missing an assembly reference?) [C:\Users\a.yatskevich\Projects\Marketplace-Admin-Panel\backend\src\SurveyLite.Infrastructure\SurveyLite.Infrastructure.csproj]
C:\Users\a.yatskevich\Projects\Marketplace-Admin-Panel\backend\src\SurveyLite.Infrastructure\Persistence\ApplicationDbContext.cs(7,37): error CS0246: The type or namespace name 'DbContext' could not be found (are you missing a using directive or an assembly reference?) [C:\Users\a.yatskevich\Projects\Marketplace-Admin-Panel\backend\src\SurveyLite.Infrastructure\SurveyLite.Infrastructure.csproj]
C:\Users\a.yatskevich\Projects\Marketplace-Admin-Panel\backend\src\SurveyLite.Infrastructure\Persistence\EntityConfigurations\AnswerEntityTypeConfiguration.cs(7,46): error CS0246: The type or namespace name 'IEntityTypeConfiguration<>' could not be found (are you missing a using directive or an assembly reference?) [C:\Users\a.yatskevich\Projects\Marketplace-Admin-Panel\backend\src\SurveyLite.Infrastructure\SurveyLite.Infrastructure.csproj]
C:\Users\a.yatskevich\Projects\Marketplace-Admin-Panel\backend\src\SurveyLite.Infrastructure\Persistence\EntityConfigurations\QuestionEntityTypeConfiguration.cs(8,48): error CS0246: The type or namespace name 'IEntityTypeConfiguration<>' could not be found (are you missing a using directive or an assembly reference?) [C:\Users\a.yatskevich\Projects\Marketplace-Admin-Panel\backend\src\SurveyLite.Infrastructure\SurveyLite.Infrastructure.csproj]
C:\Users\a.yatskevich\Projects\Marketplace-Admin-Panel\backend\src\SurveyLite.Infrastructure\DependencyInjection.cs(16,9): error CS0246: The type or namespace name 'IConfiguration' could not be found (are you missing a using directive or an assembly reference?) [C:\Users\a.yatskevich\Projects\Marketplace-Admin-Panel\backend\src\SurveyLite.Infrastructure\SurveyLite.Infrastructure.csproj]
C:\Users\a.yatskevich\Projects\Marketplace-Admin-Panel\backend\src\SurveyLite.Infrastructure\Persistence\EntityConfigurations\ResponseEntityTypeConfiguration.cs(7,48): error CS0246: The type or namespace name 'IEntityTypeConfiguration<>' could not be found (are you missing a using directive or an assembly reference?) [C:\Users\a.yatskevich\Projects\Marketplace-Admin-Panel\backend\src\SurveyLite.Infrastructure\SurveyLite.Infrastructure.csproj]
C:\Users\a.yatskevich\Projects\Marketplace-Admin-Panel\backend\src\SurveyLite.Infrastructure\Persistence\EntityConfigurations\AnswerEntityTypeConfiguration.cs(9,27): error CS0246: The type or namespace name 'EntityTypeBuilder<>' could not be found (are you missing a using directive or an assembly reference?) [C:\Users\a.yatskevich\Projects\Marketplace-Admin-Panel\backend\src\SurveyLite.Infrastructure\SurveyLite.Infrastructure.csproj]
C:\Users\a.yatskevich\Projects\Marketplace-Admin-Panel\backend\src\SurveyLite.Infrastructure\Persistence\ApplicationDbContext.cs(9,33): error CS0246: The type or namespace name 'DbContextOptions<>' could not be found (are you missing a using directive or an assembly reference?) [C:\Users\a.yatskevich\Projects\Marketplace-Admin-Panel\backend\src\SurveyLite.Infrastructure\SurveyLite.Infrastructure.csproj]
C:\Users\a.yatskevich\Projects\Marketplace-Admin-Panel\backend\src\SurveyLite.Infrastructure\Persistence\EntityConfigurations\QuestionEntityTypeConfiguration.cs(10,27): error CS0246: The type or namespace name 'EntityTypeBuilder<>' could not be found (are you missing a using directive or an assembly reference?) [C:\Users\a.yatskevich\Projects\Marketplace-Admin-Panel\backend\src\SurveyLite.Infrastructure\SurveyLite.Infrastructure.csproj]
C:\Users\a.yatskevich\Projects\Marketplace-Admin-Panel\backend\src\SurveyLite.Infrastructure\Services\CurrentUserService.cs(8,22): error CS0246: The type or namespace name 'IHttpContextAccessor' could not be found (are you missing a using directive or an assembly reference?) [C:\Users\a.yatskevich\Projects\Marketplace-Admin-Panel\backend\src\SurveyLite.Infrastructure\SurveyLite.Infrastructure.csproj]
C:\Users\a.yatskevich\Projects\Marketplace-Admin-Panel\backend\src\SurveyLite.Infrastructure\Persistence\EntityConfigurations\SurveyEntityTypeConfiguration.cs(7,46): error CS0246: The type or namespace name 'IEntityTypeConfiguration<>' could not be found (are you missing a using directive or an assembly reference?) [C:\Users\a.yatskevich\Projects\Marketplace-Admin-Panel\backend\src\SurveyLite.Infrastructure\SurveyLite.Infrastructure.csproj]
C:\Users\a.yatskevich\Projects\Marketplace-Admin-Panel\backend\src\SurveyLite.Infrastructure\Persistence\EntityConfigurations\UserEntityTypeConfiguration.cs(8,44): error CS0246: The type or namespace name 'IEntityTypeConfiguration<>' could not be found (are you missing a using directive or an assembly reference?) [C:\Users\a.yatskevich\Projects\Marketplace-Admin-Panel\backend\src\SurveyLite.Infrastructure\SurveyLite.Infrastructure.csproj]
C:\Users\a.yatskevich\Projects\Marketplace-Admin-Panel\backend\src\SurveyLite.Infrastructure\Persistence\ApplicationDbContext.cs(13,12): error CS0246: The type or namespace name 'DbSet<>' could not be found (are you missing a using directive or an assembly reference?) [C:\Users\a.yatskevich\Projects\Marketplace-Admin-Panel\backend\src\SurveyLite.Infrastructure\SurveyLite.Infrastructure.csproj]
C:\Users\a.yatskevich\Projects\Marketplace-Admin-Panel\backend\src\SurveyLite.Infrastructure\Services\CurrentUserService.cs(10,31): error CS0246: The type or namespace name 'IHttpContextAccessor' could not be found (are you missing a using directive or an assembly reference?) [C:\Users\a.yatskevich\Projects\Marketplace-Admin-Panel\backend\src\SurveyLite.Infrastructure\SurveyLite.Infrastructure.csproj]
C:\Users\a.yatskevich\Projects\Marketplace-Admin-Panel\backend\src\SurveyLite.Infrastructure\Persistence\EntityConfigurations\ResponseEntityTypeConfiguration.cs(9,27): error CS0246: The type or namespace name 'EntityTypeBuilder<>' could not be found (are you missing a using directive or an assembly reference?) [C:\Users\a.yatskevich\Projects\Marketplace-Admin-Panel\backend\src\SurveyLite.Infrastructure\SurveyLite.Infrastructure.csproj]
C:\Users\a.yatskevich\Projects\Marketplace-Admin-Panel\backend\src\SurveyLite.Infrastructure\Persistence\EntityConfigurations\SurveyEntityTypeConfiguration.cs(9,27): error CS0246: The type or namespace name 'EntityTypeBuilder<>' could not be found (are you missing a using directive or an assembly reference?) [C:\Users\a.yatskevich\Projects\Marketplace-Admin-Panel\backend\src\SurveyLite.Infrastructure\SurveyLite.Infrastructure.csproj]
C:\Users\a.yatskevich\Projects\Marketplace-Admin-Panel\backend\src\SurveyLite.Infrastructure\Persistence\ApplicationDbContext.cs(14,12): error CS0246: The type or namespace name 'DbSet<>' could not be found (are you missing a using directive or an assembly reference?) [C:\Users\a.yatskevich\Projects\Marketplace-Admin-Panel\backend\src\SurveyLite.Infrastructure\SurveyLite.Infrastructure.csproj]
C:\Users\a.yatskevich\Projects\Marketplace-Admin-Panel\backend\src\SurveyLite.Infrastructure\Persistence\EntityConfigurations\UserEntityTypeConfiguration.cs(10,27): error CS0246: The type or namespace name 'EntityTypeBuilder<>' could not be found (are you missing a using directive or an assembly reference?) [C:\Users\a.yatskevich\Projects\Marketplace-Admin-Panel\backend\src\SurveyLite.Infrastructure\SurveyLite.Infrastructure.csproj]
C:\Users\a.yatskevich\Projects\Marketplace-Admin-Panel\backend\src\SurveyLite.Infrastructure\Persistence\ApplicationDbContext.cs(15,12): error CS0246: The type or namespace name 'DbSet<>' could not be found (are you missing a using directive or an assembly reference?) [C:\Users\a.yatskevich\Projects\Marketplace-Admin-Panel\backend\src\SurveyLite.Infrastructure\SurveyLite.Infrastructure.csproj]
C:\Users\a.yatskevich\Projects\Marketplace-Admin-Panel\backend\src\SurveyLite.Infrastructure\Persistence\ApplicationDbContext.cs(16,12): error CS0246: The type or namespace name 'DbSet<>' could not be found (are you missing a using directive or an assembly reference?) [C:\Users\a.yatskevich\Projects\Marketplace-Admin-Panel\backend\src\SurveyLite.Infrastructure\SurveyLite.Infrastructure.csproj]
C:\Users\a.yatskevich\Projects\Marketplace-Admin-Panel\backend\src\SurveyLite.Infrastructure\Persistence\ApplicationDbContext.cs(17,12): error CS0246: The type or namespace name 'DbSet<>' could not be found (are you missing a using directive or an assembly reference?) [C:\Users\a.yatskevich\Projects\Marketplace-Admin-Panel\backend\src\SurveyLite.Infrastructure\SurveyLite.Infrastructure.csproj]
C:\Users\a.yatskevich\Projects\Marketplace-Admin-Panel\backend\src\SurveyLite.Infrastructure\Persistence\ApplicationDbContext.cs(19,45): error CS0246: The type or namespace name 'ModelBuilder' could not be found (are you missing a using directive or an assembly reference?) [C:\Users\a.yatskevich\Projects\Marketplace-Admin-Panel\backend\src\SurveyLite.Infrastructure\SurveyLite.Infrastructure.csproj]

Build FAILED.

C:\Users\a.yatskevich\Projects\Marketplace-Admin-Panel\backend\src\SurveyLite.Infrastructure\DependencyInjection.cs(1,17): error CS0234: The type or namespace name 'EntityFrameworkCore' does not exist in the namespace 'Microsoft' (are you missing an assembly reference?) [C:\Users\a.yatskevich\Projects\Marketplace-Admin-Panel\backend\src\SurveyLite.Infrastructure\SurveyLite.Infrastructure.csproj]
C:\Users\a.yatskevich\Projects\Marketplace-Admin-Panel\backend\src\SurveyLite.Infrastructure\DependencyInjection.cs(2,28): error CS0234: The type or namespace name 'Configuration' does not exist in the namespace 'Microsoft.Extensions' (are you missing an assembly reference?) [C:\Users\a.yatskevich\Projects\Marketplace-Admin-Panel\backend\src\SurveyLite.Infrastructure\SurveyLite.Infrastructure.csproj]
C:\Users\a.yatskevich\Projects\Marketplace-Admin-Panel\backend\src\SurveyLite.Infrastructure\Persistence\ApplicationDbContext.cs(1,17): error CS0234: The type or namespace name 'EntityFrameworkCore' does not exist in the namespace 'Microsoft' (are you missing an assembly reference?) [C:\Users\a.yatskevich\Projects\Marketplace-Admin-Panel\backend\src\SurveyLite.Infrastructure\SurveyLite.Infrastructure.csproj]
C:\Users\a.yatskevich\Projects\Marketplace-Admin-Panel\backend\src\SurveyLite.Infrastructure\Persistence\EntityConfigurations\AnswerEntityTypeConfiguration.cs(1,17): error CS0234: The type or namespace name 'EntityFrameworkCore' does not exist in the namespace 'Microsoft' (are you missing an assembly reference?) [C:\Users\a.yatskevich\Projects\Marketplace-Admin-Panel\backend\src\SurveyLite.Infrastructure\SurveyLite.Infrastructure.csproj]
C:\Users\a.yatskevich\Projects\Marketplace-Admin-Panel\backend\src\SurveyLite.Infrastructure\Persistence\EntityConfigurations\AnswerEntityTypeConfiguration.cs(2,17): error CS0234: The type or namespace name 'EntityFrameworkCore' does not exist in the namespace 'Microsoft' (are you missing an assembly reference?) [C:\Users\a.yatskevich\Projects\Marketplace-Admin-Panel\backend\src\SurveyLite.Infrastructure\SurveyLite.Infrastructure.csproj]
C:\Users\a.yatskevich\Projects\Marketplace-Admin-Panel\backend\src\SurveyLite.Infrastructure\Persistence\EntityConfigurations\QuestionEntityTypeConfiguration.cs(1,17): error CS0234: The type or namespace name 'EntityFrameworkCore' does not exist in the namespace 'Microsoft' (are you missing an assembly reference?) [C:\Users\a.yatskevich\Projects\Marketplace-Admin-Panel\backend\src\SurveyLite.Infrastructure\SurveyLite.Infrastructure.csproj]
C:\Users\a.yatskevich\Projects\Marketplace-Admin-Panel\backend\src\SurveyLite.Infrastructure\Persistence\EntityConfigurations\QuestionEntityTypeConfiguration.cs(2,17): error CS0234: The type or namespace name 'EntityFrameworkCore' does not exist in the namespace 'Microsoft' (are you missing an assembly reference?) [C:\Users\a.yatskevich\Projects\Marketplace-Admin-Panel\backend\src\SurveyLite.Infrastructure\SurveyLite.Infrastructure.csproj]
C:\Users\a.yatskevich\Projects\Marketplace-Admin-Panel\backend\src\SurveyLite.Infrastructure\Persistence\EntityConfigurations\ResponseEntityTypeConfiguration.cs(1,17): error CS0234: The type or namespace name 'EntityFrameworkCore' does not exist in the namespace 'Microsoft' (are you missing an assembly reference?) [C:\Users\a.yatskevich\Projects\Marketplace-Admin-Panel\backend\src\SurveyLite.Infrastructure\SurveyLite.Infrastructure.csproj]
C:\Users\a.yatskevich\Projects\Marketplace-Admin-Panel\backend\src\SurveyLite.Infrastructure\Persistence\EntityConfigurations\ResponseEntityTypeConfiguration.cs(2,17): error CS0234: The type or namespace name 'EntityFrameworkCore' does not exist in the namespace 'Microsoft' (are you missing an assembly reference?) [C:\Users\a.yatskevich\Projects\Marketplace-Admin-Panel\backend\src\SurveyLite.Infrastructure\SurveyLite.Infrastructure.csproj]
C:\Users\a.yatskevich\Projects\Marketplace-Admin-Panel\backend\src\SurveyLite.Infrastructure\Persistence\EntityConfigurations\SurveyEntityTypeConfiguration.cs(1,17): error CS0234: The type or namespace name 'EntityFrameworkCore' does not exist in the namespace 'Microsoft' (are you missing an assembly reference?) [C:\Users\a.yatskevich\Projects\Marketplace-Admin-Panel\backend\src\SurveyLite.Infrastructure\SurveyLite.Infrastructure.csproj]
C:\Users\a.yatskevich\Projects\Marketplace-Admin-Panel\backend\src\SurveyLite.Infrastructure\Persistence\EntityConfigurations\SurveyEntityTypeConfiguration.cs(2,17): error CS0234: The type or namespace name 'EntityFrameworkCore' does not exist in the namespace 'Microsoft' (are you missing an assembly reference?) [C:\Users\a.yatskevich\Projects\Marketplace-Admin-Panel\backend\src\SurveyLite.Infrastructure\SurveyLite.Infrastructure.csproj]
C:\Users\a.yatskevich\Projects\Marketplace-Admin-Panel\backend\src\SurveyLite.Infrastructure\Persistence\EntityConfigurations\UserEntityTypeConfiguration.cs(1,17): error CS0234: The type or namespace name 'EntityFrameworkCore' does not exist in the namespace 'Microsoft' (are you missing an assembly reference?) [C:\Users\a.yatskevich\Projects\Marketplace-Admin-Panel\backend\src\SurveyLite.Infrastructure\SurveyLite.Infrastructure.csproj]
C:\Users\a.yatskevich\Projects\Marketplace-Admin-Panel\backend\src\SurveyLite.Infrastructure\Persistence\EntityConfigurations\UserEntityTypeConfiguration.cs(2,17): error CS0234: The type or namespace name 'EntityFrameworkCore' does not exist in the namespace 'Microsoft' (are you missing an assembly reference?) [C:\Users\a.yatskevich\Projects\Marketplace-Admin-Panel\backend\src\SurveyLite.Infrastructure\SurveyLite.Infrastructure.csproj]
C:\Users\a.yatskevich\Projects\Marketplace-Admin-Panel\backend\src\SurveyLite.Infrastructure\Persistence\Repositories\Repository.cs(1,17): error CS0234: The type or namespace name 'EntityFrameworkCore' does not exist in the namespace 'Microsoft' (are you missing an assembly reference?) [C:\Users\a.yatskevich\Projects\Marketplace-Admin-Panel\backend\src\SurveyLite.Infrastructure\SurveyLite.Infrastructure.csproj]
C:\Users\a.yatskevich\Projects\Marketplace-Admin-Panel\backend\src\SurveyLite.Infrastructure\Persistence\Repositories\ResponseRepository.cs(1,17): error CS0234: The type or namespace name 'EntityFrameworkCore' does not exist in the namespace 'Microsoft' (are you missing an assembly reference?) [C:\Users\a.yatskevich\Projects\Marketplace-Admin-Panel\backend\src\SurveyLite.Infrastructure\SurveyLite.Infrastructure.csproj]
C:\Users\a.yatskevich\Projects\Marketplace-Admin-Panel\backend\src\SurveyLite.Infrastructure\Persistence\Repositories\SurveyRepository.cs(1,17): error CS0234: The type or namespace name 'EntityFrameworkCore' does not exist in the namespace 'Microsoft' (are you missing an assembly reference?) [C:\Users\a.yatskevich\Projects\Marketplace-Admin-Panel\backend\src\SurveyLite.Infrastructure\SurveyLite.Infrastructure.csproj]
C:\Users\a.yatskevich\Projects\Marketplace-Admin-Panel\backend\src\SurveyLite.Infrastructure\Persistence\Repositories\UserRepository.cs(1,17): error CS0234: The type or namespace name 'EntityFrameworkCore' does not exist in the namespace 'Microsoft' (are you missing an assembly reference?) [C:\Users\a.yatskevich\Projects\Marketplace-Admin-Panel\backend\src\SurveyLite.Infrastructure\SurveyLite.Infrastructure.csproj]
C:\Users\a.yatskevich\Projects\Marketplace-Admin-Panel\backend\src\SurveyLite.Infrastructure\Services\JwtService.cs(1,14): error CS0234: The type or namespace name 'IdentityModel' does not exist in the namespace 'System' (are you missing an assembly reference?) [C:\Users\a.yatskevich\Projects\Marketplace-Admin-Panel\backend\src\SurveyLite.Infrastructure\SurveyLite.Infrastructure.csproj]
C:\Users\a.yatskevich\Projects\Marketplace-Admin-Panel\backend\src\SurveyLite.Infrastructure\Services\JwtService.cs(4,17): error CS0234: The type or namespace name 'IdentityModel' does not exist in the namespace 'Microsoft' (are you missing an assembly reference?) [C:\Users\a.yatskevich\Projects\Marketplace-Admin-Panel\backend\src\SurveyLite.Infrastructure\SurveyLite.Infrastructure.csproj]
C:\Users\a.yatskevich\Projects\Marketplace-Admin-Panel\backend\src\SurveyLite.Infrastructure\Persistence\ApplicationDbContext.cs(7,37): error CS0246: The type or namespace name 'DbContext' could not be found (are you missing a using directive or an assembly reference?) [C:\Users\a.yatskevich\Projects\Marketplace-Admin-Panel\backend\src\SurveyLite.Infrastructure\SurveyLite.Infrastructure.csproj]
C:\Users\a.yatskevich\Projects\Marketplace-Admin-Panel\backend\src\SurveyLite.Infrastructure\Persistence\EntityConfigurations\AnswerEntityTypeConfiguration.cs(7,46): error CS0246: The type or namespace name 'IEntityTypeConfiguration<>' could not be found (are you missing a using directive or an assembly reference?) [C:\Users\a.yatskevich\Projects\Marketplace-Admin-Panel\backend\src\SurveyLite.Infrastructure\SurveyLite.Infrastructure.csproj]
C:\Users\a.yatskevich\Projects\Marketplace-Admin-Panel\backend\src\SurveyLite.Infrastructure\Persistence\EntityConfigurations\QuestionEntityTypeConfiguration.cs(8,48): error CS0246: The type or namespace name 'IEntityTypeConfiguration<>' could not be found (are you missing a using directive or an assembly reference?) [C:\Users\a.yatskevich\Projects\Marketplace-Admin-Panel\backend\src\SurveyLite.Infrastructure\SurveyLite.Infrastructure.csproj]
C:\Users\a.yatskevich\Projects\Marketplace-Admin-Panel\backend\src\SurveyLite.Infrastructure\DependencyInjection.cs(16,9): error CS0246: The type or namespace name 'IConfiguration' could not be found (are you missing a using directive or an assembly reference?) [C:\Users\a.yatskevich\Projects\Marketplace-Admin-Panel\backend\src\SurveyLite.Infrastructure\SurveyLite.Infrastructure.csproj]
C:\Users\a.yatskevich\Projects\Marketplace-Admin-Panel\backend\src\SurveyLite.Infrastructure\Persistence\EntityConfigurations\ResponseEntityTypeConfiguration.cs(7,48): error CS0246: The type or namespace name 'IEntityTypeConfiguration<>' could not be found (are you missing a using directive or an assembly reference?) [C:\Users\a.yatskevich\Projects\Marketplace-Admin-Panel\backend\src\SurveyLite.Infrastructure\SurveyLite.Infrastructure.csproj]
C:\Users\a.yatskevich\Projects\Marketplace-Admin-Panel\backend\src\SurveyLite.Infrastructure\Persistence\EntityConfigurations\AnswerEntityTypeConfiguration.cs(9,27): error CS0246: The type or namespace name 'EntityTypeBuilder<>' could not be found (are you missing a using directive or an assembly reference?) [C:\Users\a.yatskevich\Projects\Marketplace-Admin-Panel\backend\src\SurveyLite.Infrastructure\SurveyLite.Infrastructure.csproj]
C:\Users\a.yatskevich\Projects\Marketplace-Admin-Panel\backend\src\SurveyLite.Infrastructure\Persistence\ApplicationDbContext.cs(9,33): error CS0246: The type or namespace name 'DbContextOptions<>' could not be found (are you missing a using directive or an assembly reference?) [C:\Users\a.yatskevich\Projects\Marketplace-Admin-Panel\backend\src\SurveyLite.Infrastructure\SurveyLite.Infrastructure.csproj]
C:\Users\a.yatskevich\Projects\Marketplace-Admin-Panel\backend\src\SurveyLite.Infrastructure\Persistence\EntityConfigurations\QuestionEntityTypeConfiguration.cs(10,27): error CS0246: The type or namespace name 'EntityTypeBuilder<>' could not be found (are you missing a using directive or an assembly reference?) [C:\Users\a.yatskevich\Projects\Marketplace-Admin-Panel\backend\src\SurveyLite.Infrastructure\SurveyLite.Infrastructure.csproj]
C:\Users\a.yatskevich\Projects\Marketplace-Admin-Panel\backend\src\SurveyLite.Infrastructure\Services\CurrentUserService.cs(8,22): error CS0246: The type or namespace name 'IHttpContextAccessor' could not be found (are you missing a using directive or an assembly reference?) [C:\Users\a.yatskevich\Projects\Marketplace-Admin-Panel\backend\src\SurveyLite.Infrastructure\SurveyLite.Infrastructure.csproj]
C:\Users\a.yatskevich\Projects\Marketplace-Admin-Panel\backend\src\SurveyLite.Infrastructure\Persistence\EntityConfigurations\SurveyEntityTypeConfiguration.cs(7,46): error CS0246: The type or namespace name 'IEntityTypeConfiguration<>' could not be found (are you missing a using directive or an assembly reference?) [C:\Users\a.yatskevich\Projects\Marketplace-Admin-Panel\backend\src\SurveyLite.Infrastructure\SurveyLite.Infrastructure.csproj]
C:\Users\a.yatskevich\Projects\Marketplace-Admin-Panel\backend\src\SurveyLite.Infrastructure\Persistence\EntityConfigurations\UserEntityTypeConfiguration.cs(8,44): error CS0246: The type or namespace name 'IEntityTypeConfiguration<>' could not be found (are you missing a using directive or an assembly reference?) [C:\Users\a.yatskevich\Projects\Marketplace-Admin-Panel\backend\src\SurveyLite.Infrastructure\SurveyLite.Infrastructure.csproj]
C:\Users\a.yatskevich\Projects\Marketplace-Admin-Panel\backend\src\SurveyLite.Infrastructure\Persistence\ApplicationDbContext.cs(13,12): error CS0246: The type or namespace name 'DbSet<>' could not be found (are you missing a using directive or an assembly reference?) [C:\Users\a.yatskevich\Projects\Marketplace-Admin-Panel\backend\src\SurveyLite.Infrastructure\SurveyLite.Infrastructure.csproj]
C:\Users\a.yatskevich\Projects\Marketplace-Admin-Panel\backend\src\SurveyLite.Infrastructure\Services\CurrentUserService.cs(10,31): error CS0246: The type or namespace name 'IHttpContextAccessor' could not be found (are you missing a using directive or an assembly reference?) [C:\Users\a.yatskevich\Projects\Marketplace-Admin-Panel\backend\src\SurveyLite.Infrastructure\SurveyLite.Infrastructure.csproj]
C:\Users\a.yatskevich\Projects\Marketplace-Admin-Panel\backend\src\SurveyLite.Infrastructure\Persistence\EntityConfigurations\ResponseEntityTypeConfiguration.cs(9,27): error CS0246: The type or namespace name 'EntityTypeBuilder<>' could not be found (are you missing a using directive or an assembly reference?) [C:\Users\a.yatskevich\Projects\Marketplace-Admin-Panel\backend\src\SurveyLite.Infrastructure\SurveyLite.Infrastructure.csproj]
C:\Users\a.yatskevich\Projects\Marketplace-Admin-Panel\backend\src\SurveyLite.Infrastructure\Persistence\EntityConfigurations\SurveyEntityTypeConfiguration.cs(9,27): error CS0246: The type or namespace name 'EntityTypeBuilder<>' could not be found (are you missing a using directive or an assembly reference?) [C:\Users\a.yatskevich\Projects\Marketplace-Admin-Panel\backend\src\SurveyLite.Infrastructure\SurveyLite.Infrastructure.csproj]
C:\Users\a.yatskevich\Projects\Marketplace-Admin-Panel\backend\src\SurveyLite.Infrastructure\Persistence\ApplicationDbContext.cs(14,12): error CS0246: The type or namespace name 'DbSet<>' could not be found (are you missing a using directive or an assembly reference?) [C:\Users\a.yatskevich\Projects\Marketplace-Admin-Panel\backend\src\SurveyLite.Infrastructure\SurveyLite.Infrastructure.csproj]
C:\Users\a.yatskevich\Projects\Marketplace-Admin-Panel\backend\src\SurveyLite.Infrastructure\Persistence\EntityConfigurations\UserEntityTypeConfiguration.cs(10,27): error CS0246: The type or namespace name 'EntityTypeBuilder<>' could not be found (are you missing a using directive or an assembly reference?) [C:\Users\a.yatskevich\Projects\Marketplace-Admin-Panel\backend\src\SurveyLite.Infrastructure\SurveyLite.Infrastructure.csproj]
C:\Users\a.yatskevich\Projects\Marketplace-Admin-Panel\backend\src\SurveyLite.Infrastructure\Persistence\ApplicationDbContext.cs(15,12): error CS0246: The type or namespace name 'DbSet<>' could not be found (are you missing a using directive or an assembly reference?) [C:\Users\a.yatskevich\Projects\Marketplace-Admin-Panel\backend\src\SurveyLite.Infrastructure\SurveyLite.Infrastructure.csproj]
C:\Users\a.yatskevich\Projects\Marketplace-Admin-Panel\backend\src\SurveyLite.Infrastructure\Persistence\ApplicationDbContext.cs(16,12): error CS0246: The type or namespace name 'DbSet<>' could not be found (are you missing a using directive or an assembly reference?) [C:\Users\a.yatskevich\Projects\Marketplace-Admin-Panel\backend\src\SurveyLite.Infrastructure\SurveyLite.Infrastructure.csproj]
C:\Users\a.yatskevich\Projects\Marketplace-Admin-Panel\backend\src\SurveyLite.Infrastructure\Persistence\ApplicationDbContext.cs(17,12): error CS0246: The type or namespace name 'DbSet<>' could not be found (are you missing a using directive or an assembly reference?) [C:\Users\a.yatskevich\Projects\Marketplace-Admin-Panel\backend\src\SurveyLite.Infrastructure\SurveyLite.Infrastructure.csproj]
C:\Users\a.yatskevich\Projects\Marketplace-Admin-Panel\backend\src\SurveyLite.Infrastructure\Persistence\ApplicationDbContext.cs(19,45): error CS0246: The type or namespace name 'ModelBuilder' could not be found (are you missing a using directive or an assembly reference?) [C:\Users\a.yatskevich\Projects\Marketplace-Admin-Panel\backend\src\SurveyLite.Infrastructure\SurveyLite.Infrastructure.csproj]
    0 Warning(s)
    40 Error(s)

Time Elapsed 00:00:01.47
